stm32f446xx_SPI_driver.c:27:6:SPI_PeriClockControl	16	static
stm32f446xx_SPI_driver.c:81:6:SPI_Init	24	static
stm32f446xx_SPI_driver.c:131:6:SPI_DeInit	16	static
stm32f446xx_SPI_driver.c:160:6:SPI_PeripheralControl	16	static
stm32f446xx_SPI_driver.c:174:6:SPI_SSIConfig	16	static
stm32f446xx_SPI_driver.c:187:6:SPI_SSOEConfig	16	static
stm32f446xx_SPI_driver.c:202:9:SPI_GetFlagStatus	16	static
stm32f446xx_SPI_driver.c:212:6:SPI_SendData	24	static
stm32f446xx_SPI_driver.c:252:6:SPI_ReceiveData	24	static
stm32f446xx_SPI_driver.c:292:6:SPI_IRQConfig	16	static
stm32f446xx_SPI_driver.c:331:6:SPI_IRQPriority_Config	24	static
stm32f446xx_SPI_driver.c:344:9:SPI_SendDataIT	32	static
stm32f446xx_SPI_driver.c:363:10:SPI_ReceiveDataIT	32	static
stm32f446xx_SPI_driver.c:383:6:SPI_IRQHandling	24	static
stm32f446xx_SPI_driver.c:413:13:spi_txe_handle	16	static
stm32f446xx_SPI_driver.c:448:13:spi_rxne_handle	16	static
stm32f446xx_SPI_driver.c:480:13:spi_over_err_handle	24	static
stm32f446xx_SPI_driver.c:496:6:SPI_ClearOVRFlag	24	static
stm32f446xx_SPI_driver.c:504:6:SPI_CloseTransmission	16	static
stm32f446xx_SPI_driver.c:513:6:SPI_CloseReception	16	static
stm32f446xx_SPI_driver.c:524:28:SPI_ApplicationEventCallback	16	static
